// Jest Snapshot v1, https://goo.gl/fbAQLP

exports[`Take renders correctly 1`] = `
ShallowWrapper {
  Symbol(enzyme.__root__): [Circular],
  Symbol(enzyme.__unrendered__): <Take />,
  Symbol(enzyme.__renderer__): Object {
    "batchedUpdates": [Function],
    "getNode": [Function],
    "render": [Function],
    "simulateError": [Function],
    "simulateEvent": [Function],
    "unmount": [Function],
  },
  Symbol(enzyme.__node__): Object {
    "instance": null,
    "key": undefined,
    "nodeType": "host",
    "props": Object {
      "children": Array [
        <p>
          This is the TAKE component: 
        </p>,
        <form>
          <TextField
            autoFocus={true}
            className="scene-input"
            label="Scene"
            required={false}
            select={false}
            variant="outlined"
          />
          <TextField
            className="shot-input"
            label="Shot"
            required={false}
            select={false}
            variant="outlined"
          />
          <TextField
            className="take-input"
            label="Take"
            required={false}
            select={false}
            variant="outlined"
          />
          <TextField
            className="desc-input"
            label="Description"
            required={false}
            select={false}
            variant="outlined"
          />
          <TextField
            className="goodTake-input"
            label="Good Take?"
            required={false}
            select={false}
            variant="outlined"
          />
        </form>,
      ],
      "className": "take",
    },
    "ref": null,
    "rendered": Array [
      Object {
        "instance": null,
        "key": undefined,
        "nodeType": "host",
        "props": Object {
          "children": Array [
            "This is the TAKE component: ",
            undefined,
          ],
        },
        "ref": null,
        "rendered": Array [
          "This is the TAKE component: ",
          undefined,
        ],
        "type": "p",
      },
      Object {
        "instance": null,
        "key": undefined,
        "nodeType": "host",
        "props": Object {
          "children": Array [
            <TextField
              autoFocus={true}
              className="scene-input"
              label="Scene"
              required={false}
              select={false}
              variant="outlined"
            />,
            <TextField
              className="shot-input"
              label="Shot"
              required={false}
              select={false}
              variant="outlined"
            />,
            <TextField
              className="take-input"
              label="Take"
              required={false}
              select={false}
              variant="outlined"
            />,
            <TextField
              className="desc-input"
              label="Description"
              required={false}
              select={false}
              variant="outlined"
            />,
            <TextField
              className="goodTake-input"
              label="Good Take?"
              required={false}
              select={false}
              variant="outlined"
            />,
          ],
        },
        "ref": null,
        "rendered": Array [
          Object {
            "instance": null,
            "key": undefined,
            "nodeType": "class",
            "props": Object {
              "autoFocus": true,
              "className": "scene-input",
              "label": "Scene",
              "required": false,
              "select": false,
              "variant": "outlined",
            },
            "ref": null,
            "rendered": null,
            "type": [Function],
          },
          Object {
            "instance": null,
            "key": undefined,
            "nodeType": "class",
            "props": Object {
              "className": "shot-input",
              "label": "Shot",
              "required": false,
              "select": false,
              "variant": "outlined",
            },
            "ref": null,
            "rendered": null,
            "type": [Function],
          },
          Object {
            "instance": null,
            "key": undefined,
            "nodeType": "class",
            "props": Object {
              "className": "take-input",
              "label": "Take",
              "required": false,
              "select": false,
              "variant": "outlined",
            },
            "ref": null,
            "rendered": null,
            "type": [Function],
          },
          Object {
            "instance": null,
            "key": undefined,
            "nodeType": "class",
            "props": Object {
              "className": "desc-input",
              "label": "Description",
              "required": false,
              "select": false,
              "variant": "outlined",
            },
            "ref": null,
            "rendered": null,
            "type": [Function],
          },
          Object {
            "instance": null,
            "key": undefined,
            "nodeType": "class",
            "props": Object {
              "className": "goodTake-input",
              "label": "Good Take?",
              "required": false,
              "select": false,
              "variant": "outlined",
            },
            "ref": null,
            "rendered": null,
            "type": [Function],
          },
        ],
        "type": "form",
      },
    ],
    "type": "div",
  },
  Symbol(enzyme.__nodes__): Array [
    Object {
      "instance": null,
      "key": undefined,
      "nodeType": "host",
      "props": Object {
        "children": Array [
          <p>
            This is the TAKE component: 
          </p>,
          <form>
            <TextField
              autoFocus={true}
              className="scene-input"
              label="Scene"
              required={false}
              select={false}
              variant="outlined"
            />
            <TextField
              className="shot-input"
              label="Shot"
              required={false}
              select={false}
              variant="outlined"
            />
            <TextField
              className="take-input"
              label="Take"
              required={false}
              select={false}
              variant="outlined"
            />
            <TextField
              className="desc-input"
              label="Description"
              required={false}
              select={false}
              variant="outlined"
            />
            <TextField
              className="goodTake-input"
              label="Good Take?"
              required={false}
              select={false}
              variant="outlined"
            />
          </form>,
        ],
        "className": "take",
      },
      "ref": null,
      "rendered": Array [
        Object {
          "instance": null,
          "key": undefined,
          "nodeType": "host",
          "props": Object {
            "children": Array [
              "This is the TAKE component: ",
              undefined,
            ],
          },
          "ref": null,
          "rendered": Array [
            "This is the TAKE component: ",
            undefined,
          ],
          "type": "p",
        },
        Object {
          "instance": null,
          "key": undefined,
          "nodeType": "host",
          "props": Object {
            "children": Array [
              <TextField
                autoFocus={true}
                className="scene-input"
                label="Scene"
                required={false}
                select={false}
                variant="outlined"
              />,
              <TextField
                className="shot-input"
                label="Shot"
                required={false}
                select={false}
                variant="outlined"
              />,
              <TextField
                className="take-input"
                label="Take"
                required={false}
                select={false}
                variant="outlined"
              />,
              <TextField
                className="desc-input"
                label="Description"
                required={false}
                select={false}
                variant="outlined"
              />,
              <TextField
                className="goodTake-input"
                label="Good Take?"
                required={false}
                select={false}
                variant="outlined"
              />,
            ],
          },
          "ref": null,
          "rendered": Array [
            Object {
              "instance": null,
              "key": undefined,
              "nodeType": "class",
              "props": Object {
                "autoFocus": true,
                "className": "scene-input",
                "label": "Scene",
                "required": false,
                "select": false,
                "variant": "outlined",
              },
              "ref": null,
              "rendered": null,
              "type": [Function],
            },
            Object {
              "instance": null,
              "key": undefined,
              "nodeType": "class",
              "props": Object {
                "className": "shot-input",
                "label": "Shot",
                "required": false,
                "select": false,
                "variant": "outlined",
              },
              "ref": null,
              "rendered": null,
              "type": [Function],
            },
            Object {
              "instance": null,
              "key": undefined,
              "nodeType": "class",
              "props": Object {
                "className": "take-input",
                "label": "Take",
                "required": false,
                "select": false,
                "variant": "outlined",
              },
              "ref": null,
              "rendered": null,
              "type": [Function],
            },
            Object {
              "instance": null,
              "key": undefined,
              "nodeType": "class",
              "props": Object {
                "className": "desc-input",
                "label": "Description",
                "required": false,
                "select": false,
                "variant": "outlined",
              },
              "ref": null,
              "rendered": null,
              "type": [Function],
            },
            Object {
              "instance": null,
              "key": undefined,
              "nodeType": "class",
              "props": Object {
                "className": "goodTake-input",
                "label": "Good Take?",
                "required": false,
                "select": false,
                "variant": "outlined",
              },
              "ref": null,
              "rendered": null,
              "type": [Function],
            },
          ],
          "type": "form",
        },
      ],
      "type": "div",
    },
  ],
  Symbol(enzyme.__options__): Object {
    "adapter": ReactSixteenAdapter {
      "options": Object {
        "enableComponentDidUpdateOnSetState": true,
        "lifecycles": Object {
          "componentDidUpdate": Object {
            "onSetState": true,
          },
          "getDerivedStateFromProps": true,
          "getSnapshotBeforeUpdate": true,
          "setState": Object {
            "skipsComponentDidUpdateOnNullish": true,
          },
        },
      },
    },
  },
}
`;
